Nothing to build in platform 'zedboard'

13:00:15 **** Incremental Build of configuration Debug for project data-collection ****
make all 
make --no-print-directory pre-build
a9-linaro-pre-build-step
 
make --no-print-directory main-build
Building file: ../src/vitis/ad4134/spi_engine.c
Invoking: ARM v7 gcc compiler
arm-none-eabi-gcc -Wall -O0 -g3 -I"/home/neutrino/Desktop/temp/ad4134_fmcz/data-collection_system/common" -c -fmessage-length=0 -MT"src/vitis/ad4134/spi_engine.o" -mcpu=cortex-a9 -mfpu=vfpv3 -mfloat-abi=hard -I/home/neutrino/Desktop/temp/ad4134_fmcz/zedboard/export/zedboard/sw/zedboard/trigger/bspinclude/include -MMD -MP -MF"src/vitis/ad4134/spi_engine.d" -MT"src/vitis/ad4134/spi_engine.o" -o "src/vitis/ad4134/spi_engine.o" "../src/vitis/ad4134/spi_engine.c"
Finished building: ../src/vitis/ad4134/spi_engine.c
 
Building file: ../src/vitis/ad4134/xilinx_axi_io.c
Invoking: ARM v7 gcc compiler
arm-none-eabi-gcc -Wall -O0 -g3 -I"/home/neutrino/Desktop/temp/ad4134_fmcz/data-collection_system/common" -c -fmessage-length=0 -MT"src/vitis/ad4134/xilinx_axi_io.o" -mcpu=cortex-a9 -mfpu=vfpv3 -mfloat-abi=hard -I/home/neutrino/Desktop/temp/ad4134_fmcz/zedboard/export/zedboard/sw/zedboard/trigger/bspinclude/include -MMD -MP -MF"src/vitis/ad4134/xilinx_axi_io.d" -MT"src/vitis/ad4134/xilinx_axi_io.o" -o "src/vitis/ad4134/xilinx_axi_io.o" "../src/vitis/ad4134/xilinx_axi_io.c"
Finished building: ../src/vitis/ad4134/xilinx_axi_io.c
 
Building file: ../src/vitis/ad4134/xilinx_delay.c
Invoking: ARM v7 gcc compiler
arm-none-eabi-gcc -Wall -O0 -g3 -I"/home/neutrino/Desktop/temp/ad4134_fmcz/data-collection_system/common" -c -fmessage-length=0 -MT"src/vitis/ad4134/xilinx_delay.o" -mcpu=cortex-a9 -mfpu=vfpv3 -mfloat-abi=hard -I/home/neutrino/Desktop/temp/ad4134_fmcz/zedboard/export/zedboard/sw/zedboard/trigger/bspinclude/include -MMD -MP -MF"src/vitis/ad4134/xilinx_delay.d" -MT"src/vitis/ad4134/xilinx_delay.o" -o "src/vitis/ad4134/xilinx_delay.o" "../src/vitis/ad4134/xilinx_delay.c"
Finished building: ../src/vitis/ad4134/xilinx_delay.c
 
Building file: ../src/vitis/ad4134/xilinx_gpio.c
Invoking: ARM v7 gcc compiler
arm-none-eabi-gcc -Wall -O0 -g3 -I"/home/neutrino/Desktop/temp/ad4134_fmcz/data-collection_system/common" -c -fmessage-length=0 -MT"src/vitis/ad4134/xilinx_gpio.o" -mcpu=cortex-a9 -mfpu=vfpv3 -mfloat-abi=hard -I/home/neutrino/Desktop/temp/ad4134_fmcz/zedboard/export/zedboard/sw/zedboard/trigger/bspinclude/include -MMD -MP -MF"src/vitis/ad4134/xilinx_gpio.d" -MT"src/vitis/ad4134/xilinx_gpio.o" -o "src/vitis/ad4134/xilinx_gpio.o" "../src/vitis/ad4134/xilinx_gpio.c"
Finished building: ../src/vitis/ad4134/xilinx_gpio.c
 
Building file: ../src/vitis/ad4134/xilinx_gpio_irq.c
Invoking: ARM v7 gcc compiler
arm-none-eabi-gcc -Wall -O0 -g3 -I"/home/neutrino/Desktop/temp/ad4134_fmcz/data-collection_system/common" -c -fmessage-length=0 -MT"src/vitis/ad4134/xilinx_gpio_irq.o" -mcpu=cortex-a9 -mfpu=vfpv3 -mfloat-abi=hard -I/home/neutrino/Desktop/temp/ad4134_fmcz/zedboard/export/zedboard/sw/zedboard/trigger/bspinclude/include -MMD -MP -MF"src/vitis/ad4134/xilinx_gpio_irq.d" -MT"src/vitis/ad4134/xilinx_gpio_irq.o" -o "src/vitis/ad4134/xilinx_gpio_irq.o" "../src/vitis/ad4134/xilinx_gpio_irq.c"
../src/vitis/ad4134/xilinx_gpio_irq.c: In function 'xil_gpio_irq_handler':
../src/vitis/ad4134/xilinx_gpio_irq.c:70:48: warning: passing argument 2 of 'no_os_iterator_read' from incompatible pointer type [-Wincompatible-pointer-types]
   70 |                 no_os_iterator_read(param->it, &callback_desc);
      |                                                ^~~~~~~~~~~~~~
      |                                                |
      |                                                struct xil_callback_desc **
In file included from ../src/vitis/ad4134/xilinx_gpio_irq.h:41,
                 from ../src/vitis/ad4134/xilinx_gpio_irq.c:34:
../src/vitis/ad4134/no_os_list.h:256:65: note: expected 'void **' but argument is of type 'struct xil_callback_desc **'
  256 | int32_t no_os_iterator_read(struct no_os_iterator *iter, void **data);
      |                                                          ~~~~~~~^~~~
../src/vitis/ad4134/xilinx_gpio_irq.c:78:48: warning: passing argument 2 of 'no_os_iterator_read' from incompatible pointer type [-Wincompatible-pointer-types]
   78 |                 no_os_iterator_read(param->it, &callback_desc);
      |                                                ^~~~~~~~~~~~~~
      |                                                |
      |                                                struct xil_callback_desc **
../src/vitis/ad4134/no_os_list.h:256:65: note: expected 'void **' but argument is of type 'struct xil_callback_desc **'
  256 | int32_t no_os_iterator_read(struct no_os_iterator *iter, void **data);
      |                                                          ~~~~~~~^~~~
../src/vitis/ad4134/xilinx_gpio_irq.c:65:17: warning: unused variable 'pin_nb' [-Wunused-variable]
   65 |         int32_t pin_nb;
      |                 ^~~~~~
../src/vitis/ad4134/xilinx_gpio_irq.c: In function 'xil_gpio_irq_disable':
../src/vitis/ad4134/xilinx_gpio_irq.c:107:48: warning: passing argument 2 of 'no_os_iterator_read' from incompatible pointer type [-Wincompatible-pointer-types]
  107 |                 no_os_iterator_read(extra->it, &callback_desc);
      |                                                ^~~~~~~~~~~~~~
      |                                                |
      |                                                struct xil_callback_desc **
../src/vitis/ad4134/no_os_list.h:256:65: note: expected 'void **' but argument is of type 'struct xil_callback_desc **'
  256 | int32_t no_os_iterator_read(struct no_os_iterator *iter, void **data);
      |                                                          ~~~~~~~^~~~
../src/vitis/ad4134/xilinx_gpio_irq.c: In function 'xil_gpio_irq_ctrl_init':
../src/vitis/ad4134/xilinx_gpio_irq.c:159:34: warning: passing argument 3 of 'no_os_list_init' from incompatible pointer type [-Wincompatible-pointer-types]
  159 |                                  call_cmp);
      |                                  ^~~~~~~~
      |                                  |
      |                                  int32_t (*)(struct xil_callback_desc *, struct xil_callback_desc *) {aka long int (*)(struct xil_callback_desc *, struct xil_callback_desc *)}
../src/vitis/ad4134/no_os_list.h:235:31: note: expected 'f_cmp' {aka 'long int (*)(void *, void *)'} but argument is of type 'int32_t (*)(struct xil_callback_desc *, struct xil_callback_desc *)' {aka 'long int (*)(struct xil_callback_desc *, struct xil_callback_desc *)'}
  235 |                         f_cmp comparator);
      |                         ~~~~~~^~~~~~~~~~
../src/vitis/ad4134/xilinx_gpio_irq.c:179:27: warning: assignment to 'void (*)(void *)' from incompatible pointer type 'void (*)(struct xil_gpio_irq_desc *)' [-Wincompatible-pointer-types]
  179 |         callback.callback = &xil_gpio_irq_handler;
      |                           ^
../src/vitis/ad4134/xilinx_gpio_irq.c:130:17: warning: unused variable 'i' [-Wunused-variable]
  130 |         int32_t i;
      |                 ^
../src/vitis/ad4134/xilinx_gpio_irq.c: In function 'xil_gpio_irq_unregister_callback':
../src/vitis/ad4134/xilinx_gpio_irq.c:273:60: warning: passing argument 2 of 'no_os_list_get_find' from incompatible pointer type [-Wincompatible-pointer-types]
  273 |         status = no_os_list_get_find(extra->callback_list, &dev_callback,
      |                                                            ^~~~~~~~~~~~~
      |                                                            |
      |                                                            struct xil_callback_desc **
../src/vitis/ad4134/no_os_list.h:303:71: note: expected 'void **' but argument is of type 'struct xil_callback_desc **'
  303 | int32_t no_os_list_get_find(struct no_os_list_desc *list_desc, void **data,
      |                                                                ~~~~~~~^~~~
../src/vitis/ad4134/xilinx_gpio_irq.c: In function 'xil_gpio_irq_enable':
../src/vitis/ad4134/xilinx_gpio_irq.c:299:48: warning: passing argument 2 of 'no_os_iterator_read' from incompatible pointer type [-Wincompatible-pointer-types]
  299 |                 no_os_iterator_read(extra->it, &callback_desc);
      |                                                ^~~~~~~~~~~~~~
      |                                                |
      |                                                struct xil_callback_desc **
../src/vitis/ad4134/no_os_list.h:256:65: note: expected 'void **' but argument is of type 'struct xil_callback_desc **'
  256 | int32_t no_os_iterator_read(struct no_os_iterator *iter, void **data);
      |                                                          ~~~~~~~^~~~
../src/vitis/ad4134/xilinx_gpio_irq.c: In function 'xil_gpio_irq_ctrl_remove':
../src/vitis/ad4134/xilinx_gpio_irq.c:327:64: warning: passing argument 2 of 'no_os_list_get_first' from incompatible pointer type [-Wincompatible-pointer-types]
  327 |         while (0 == no_os_list_get_first(extra->callback_list, &callback_desc))
      |                                                                ^~~~~~~~~~~~~~
      |                                                                |
      |                                                                struct xil_callback_desc **
../src/vitis/ad4134/no_os_list.h:269:72: note: expected 'void **' but argument is of type 'struct xil_callback_desc **'
  269 | int32_t no_os_list_get_first(struct no_os_list_desc *list_desc, void **data);
      |                                                                 ~~~~~~~^~~~
Finished building: ../src/vitis/ad4134/xilinx_gpio_irq.c
 
Building file: ../src/vitis/ad4134/xilinx_i2c.c
Invoking: ARM v7 gcc compiler
arm-none-eabi-gcc -Wall -O0 -g3 -I"/home/neutrino/Desktop/temp/ad4134_fmcz/data-collection_system/common" -c -fmessage-length=0 -MT"src/vitis/ad4134/xilinx_i2c.o" -mcpu=cortex-a9 -mfpu=vfpv3 -mfloat-abi=hard -I/home/neutrino/Desktop/temp/ad4134_fmcz/zedboard/export/zedboard/sw/zedboard/trigger/bspinclude/include -MMD -MP -MF"src/vitis/ad4134/xilinx_i2c.d" -MT"src/vitis/ad4134/xilinx_i2c.o" -o "src/vitis/ad4134/xilinx_i2c.o" "../src/vitis/ad4134/xilinx_i2c.c"
Finished building: ../src/vitis/ad4134/xilinx_i2c.c
 
Building file: ../src/vitis/ad4134/xilinx_irq.c
Invoking: ARM v7 gcc compiler
arm-none-eabi-gcc -Wall -O0 -g3 -I"/home/neutrino/Desktop/temp/ad4134_fmcz/data-collection_system/common" -c -fmessage-length=0 -MT"src/vitis/ad4134/xilinx_irq.o" -mcpu=cortex-a9 -mfpu=vfpv3 -mfloat-abi=hard -I/home/neutrino/Desktop/temp/ad4134_fmcz/zedboard/export/zedboard/sw/zedboard/trigger/bspinclude/include -MMD -MP -MF"src/vitis/ad4134/xilinx_irq.d" -MT"src/vitis/ad4134/xilinx_irq.o" -o "src/vitis/ad4134/xilinx_irq.o" "../src/vitis/ad4134/xilinx_irq.c"
Finished building: ../src/vitis/ad4134/xilinx_irq.c
 
Building file: ../src/vitis/ad4134/xilinx_spi.c
Invoking: ARM v7 gcc compiler
arm-none-eabi-gcc -Wall -O0 -g3 -I"/home/neutrino/Desktop/temp/ad4134_fmcz/data-collection_system/common" -c -fmessage-length=0 -MT"src/vitis/ad4134/xilinx_spi.o" -mcpu=cortex-a9 -mfpu=vfpv3 -mfloat-abi=hard -I/home/neutrino/Desktop/temp/ad4134_fmcz/zedboard/export/zedboard/sw/zedboard/trigger/bspinclude/include -MMD -MP -MF"src/vitis/ad4134/xilinx_spi.d" -MT"src/vitis/ad4134/xilinx_spi.o" -o "src/vitis/ad4134/xilinx_spi.o" "../src/vitis/ad4134/xilinx_spi.c"
../src/vitis/ad4134/xilinx_spi.c:59:2: warning: #warning SPI delays are not supported on the xilinx platform [-Wcpp]
   59 | #warning SPI delays are not supported on the xilinx platform
      |  ^~~~~~~
Finished building: ../src/vitis/ad4134/xilinx_spi.c
 
Building file: ../src/vitis/ad4134/xilinx_spi_pl.c
Invoking: ARM v7 gcc compiler
arm-none-eabi-gcc -Wall -O0 -g3 -I"/home/neutrino/Desktop/temp/ad4134_fmcz/data-collection_system/common" -c -fmessage-length=0 -MT"src/vitis/ad4134/xilinx_spi_pl.o" -mcpu=cortex-a9 -mfpu=vfpv3 -mfloat-abi=hard -I/home/neutrino/Desktop/temp/ad4134_fmcz/zedboard/export/zedboard/sw/zedboard/trigger/bspinclude/include -MMD -MP -MF"src/vitis/ad4134/xilinx_spi_pl.d" -MT"src/vitis/ad4134/xilinx_spi_pl.o" -o "src/vitis/ad4134/xilinx_spi_pl.o" "../src/vitis/ad4134/xilinx_spi_pl.c"
Finished building: ../src/vitis/ad4134/xilinx_spi_pl.c
 
Building file: ../src/vitis/ad4134/xilinx_timer.c
Invoking: ARM v7 gcc compiler
arm-none-eabi-gcc -Wall -O0 -g3 -I"/home/neutrino/Desktop/temp/ad4134_fmcz/data-collection_system/common" -c -fmessage-length=0 -MT"src/vitis/ad4134/xilinx_timer.o" -mcpu=cortex-a9 -mfpu=vfpv3 -mfloat-abi=hard -I/home/neutrino/Desktop/temp/ad4134_fmcz/zedboard/export/zedboard/sw/zedboard/trigger/bspinclude/include -MMD -MP -MF"src/vitis/ad4134/xilinx_timer.d" -MT"src/vitis/ad4134/xilinx_timer.o" -o "src/vitis/ad4134/xilinx_timer.o" "../src/vitis/ad4134/xilinx_timer.c"
Finished building: ../src/vitis/ad4134/xilinx_timer.c
 
Building file: ../src/helloworld.c
Invoking: ARM v7 gcc compiler
arm-none-eabi-gcc -Wall -O0 -g3 -I"/home/neutrino/Desktop/temp/ad4134_fmcz/data-collection_system/common" -c -fmessage-length=0 -MT"src/helloworld.o" -mcpu=cortex-a9 -mfpu=vfpv3 -mfloat-abi=hard -I/home/neutrino/Desktop/temp/ad4134_fmcz/zedboard/export/zedboard/sw/zedboard/trigger/bspinclude/include -MMD -MP -MF"src/helloworld.d" -MT"src/helloworld.o" -o "src/helloworld.o" "../src/helloworld.c"
../src/helloworld.c: In function 'main':
../src/helloworld.c:221:9: warning: implicit declaration of function 'Xil_ICacheEnable' [-Wimplicit-function-declaration]
  221 |         Xil_ICacheEnable();
      |         ^~~~~~~~~~~~~~~~
../src/helloworld.c:222:9: warning: implicit declaration of function 'Xil_DCacheEnable' [-Wimplicit-function-declaration]
  222 |         Xil_DCacheEnable();
      |         ^~~~~~~~~~~~~~~~
../src/helloworld.c:270:17: warning: implicit declaration of function 'Xil_DCacheInvalidateRange' [-Wimplicit-function-declaration]
  270 |                 Xil_DCacheInvalidateRange((INTPTR)adc_buffers[buffer_idx], ADC_BUFFER_SIZE * sizeof(uint32_t));
      |                 ^~~~~~~~~~~~~~~~~~~~~~~~~
Finished building: ../src/helloworld.c
 
Building file: ../src/platform.c
Invoking: ARM v7 gcc compiler
arm-none-eabi-gcc -Wall -O0 -g3 -I"/home/neutrino/Desktop/temp/ad4134_fmcz/data-collection_system/common" -c -fmessage-length=0 -MT"src/platform.o" -mcpu=cortex-a9 -mfpu=vfpv3 -mfloat-abi=hard -I/home/neutrino/Desktop/temp/ad4134_fmcz/zedboard/export/zedboard/sw/zedboard/trigger/bspinclude/include -MMD -MP -MF"src/platform.d" -MT"src/platform.o" -o "src/platform.o" "../src/platform.c"
Finished building: ../src/platform.c
 
Building target: data-collection.elf
Invoking: ARM v7 gcc linker
arm-none-eabi-gcc -mcpu=cortex-a9 -mfpu=vfpv3 -mfloat-abi=hard -Wl,-build-id=none -specs=Xilinx.spec -Wl,-T -Wl,../src/lscript.ld -L/home/neutrino/Desktop/temp/ad4134_fmcz/zedboard/export/zedboard/sw/zedboard/trigger/bsplib/lib -o "data-collection.elf" ./src/vitis/ad4134/ad713x.o ./src/vitis/ad4134/axi_dmac.o ./src/vitis/ad4134/axi_pwm.o ./src/vitis/ad4134/clk_axi_clkgen.o ./src/vitis/ad4134/no_os_alloc.o ./src/vitis/ad4134/no_os_dma.o ./src/vitis/ad4134/no_os_fifo.o ./src/vitis/ad4134/no_os_gpio.o ./src/vitis/ad4134/no_os_irq.o ./src/vitis/ad4134/no_os_list.o ./src/vitis/ad4134/no_os_mutex.o ./src/vitis/ad4134/no_os_pwm.o ./src/vitis/ad4134/no_os_spi.o ./src/vitis/ad4134/no_os_util.o ./src/vitis/ad4134/spi_engine.o ./src/vitis/ad4134/xilinx_axi_io.o ./src/vitis/ad4134/xilinx_delay.o ./src/vitis/ad4134/xilinx_gpio.o ./src/vitis/ad4134/xilinx_gpio_irq.o ./src/vitis/ad4134/xilinx_i2c.o ./src/vitis/ad4134/xilinx_irq.o ./src/vitis/ad4134/xilinx_spi.o ./src/vitis/ad4134/xilinx_spi_pl.o ./src/vitis/ad4134/xilinx_timer.o  ./src/helloworld.o ./src/platform.o   -Wl,--start-group,-lxil,-lgcc,-lc,--end-group
Finished building target: data-collection.elf
 
Invoking: ARM v7 Print Size
arm-none-eabi-size data-collection.elf  |tee "data-collection.elf.size"
   text	   data	    bss	    dec	    hex	filename
 130447	8004193	  22768	8157408	 7c78e0	data-collection.elf
Finished building: data-collection.elf.size
 
13:00:16 **** Incremental Build of configuration Debug for project data-transfer ****
make all 
make --no-print-directory pre-build
a9-linaro-pre-build-step
 
make --no-print-directory main-build
Building file: ../src/vitis/data-transfer.c
Invoking: ARM v7 gcc compiler
arm-none-eabi-gcc -Wall -O0 -g3 -I"/home/neutrino/Desktop/temp/ad4134_fmcz/data-collection_system/common" -c -fmessage-length=0 -MT"src/vitis/data-transfer.o" -mcpu=cortex-a9 -mfpu=vfpv3 -mfloat-abi=hard -I/home/neutrino/Desktop/temp/ad4134_fmcz/zedboard/export/zedboard/sw/zedboard/freertos10_xilinx_domain/bspinclude/include -MMD -MP -MF"src/vitis/data-transfer.d" -MT"src/vitis/data-transfer.o" -o "src/vitis/data-transfer.o" "../src/vitis/data-transfer.c"
../src/vitis/data-transfer.c: In function 'echo_application_thread':
../src/vitis/data-transfer.c:64:13: warning: variable 'size' set but not used [-Wunused-but-set-variable]
   64 |         int size;
      |             ^~~~
Finished building: ../src/vitis/data-transfer.c
 
Building file: ../src/main.c
Invoking: ARM v7 gcc compiler
arm-none-eabi-gcc -Wall -O0 -g3 -I"/home/neutrino/Desktop/temp/ad4134_fmcz/data-collection_system/common" -c -fmessage-length=0 -MT"src/main.o" -mcpu=cortex-a9 -mfpu=vfpv3 -mfloat-abi=hard -I/home/neutrino/Desktop/temp/ad4134_fmcz/zedboard/export/zedboard/sw/zedboard/freertos10_xilinx_domain/bspinclude/include -MMD -MP -MF"src/main.d" -MT"src/main.o" -o "src/main.o" "../src/main.c"
../src/main.c: In function 'main':
../src/main.c:89:9: warning: implicit declaration of function 'Xil_DCacheDisable' [-Wimplicit-function-declaration]
   89 |         Xil_DCacheDisable();
      |         ^~~~~~~~~~~~~~~~~
../src/main.c:90:9: warning: implicit declaration of function 'Xil_ICacheDisable' [-Wimplicit-function-declaration]
   90 |         Xil_ICacheDisable();
      |         ^~~~~~~~~~~~~~~~~
../src/main.c: In function 'network_thread':
../src/main.c:114:5: warning: implicit declaration of function 'print_ip_settings' [-Wimplicit-function-declaration]
  114 |     print_ip_settings(&ipaddr, &netmask, &gw);
      |     ^~~~~~~~~~~~~~~~~
../src/main.c: At top level:
../src/main.c:210:6: warning: conflicting types for 'print_ip_settings'; have 'void(ip_addr_t *, ip_addr_t *, ip_addr_t *)' {aka 'void(struct ip4_addr *, struct ip4_addr *, struct ip4_addr *)'}
  210 | void print_ip_settings(ip_addr_t *ip, ip_addr_t *mask, ip_addr_t *gw)
      |      ^~~~~~~~~~~~~~~~~
../src/main.c:114:5: note: previous implicit declaration of 'print_ip_settings' with type 'void(ip_addr_t *, ip_addr_t *, ip_addr_t *)' {aka 'void(struct ip4_addr *, struct ip4_addr *, struct ip4_addr *)'}
  114 |     print_ip_settings(&ipaddr, &netmask, &gw);
      |     ^~~~~~~~~~~~~~~~~
Finished building: ../src/main.c
 
Building target: data-transfer.elf
Invoking: ARM v7 gcc linker
arm-none-eabi-gcc -mcpu=cortex-a9 -mfpu=vfpv3 -mfloat-abi=hard -Wl,-build-id=none -specs=Xilinx.spec -Wl,-T -Wl,../src/lscript.ld -L/home/neutrino/Desktop/temp/ad4134_fmcz/zedboard/export/zedboard/sw/zedboard/freertos10_xilinx_domain/bsplib/lib -o "data-transfer.elf" ./src/vitis/data-transfer.o  ./src/main.o   -Wl,--start-group,-lxil,-lfreertos,-lgcc,-lc,--end-group -Wl,--start-group,-lxil,-llwip4,-lgcc,-lc,--end-group
Finished building target: data-transfer.elf
 
Invoking: ARM v7 Print Size
arm-none-eabi-size data-transfer.elf  |tee "data-transfer.elf.size"
   text	   data	    bss	    dec	    hex	filename
 172257	   3428	11655232	11830917	 b48685	data-transfer.elf
Finished building: data-transfer.elf.size
 
13:00:17 **** Incremental Build of configuration Debug for project data-collection_system ****
make all 
Generating bif file for the system project
Executing command '::scw::generate_bif -xpfm /home/neutrino/Desktop/temp/ad4134_fmcz/zedboard/export/zedboard/zedboard.xpfm -domains trigger,freertos10_xilinx_domain -bifpath /home/neutrino/Desktop/temp/ad4134_fmcz/data-collection_system/Debug/system.bif' on XSCT
sdcard_gen --xpfm /home/neutrino/Desktop/temp/ad4134_fmcz/zedboard/export/zedboard/zedboard.xpfm --sys_config zedboard --bif /home/neutrino/Desktop/temp/ad4134_fmcz/data-collection_system/Debug/system.bif --bitstream /home/neutrino/Desktop/temp/ad4134_fmcz/data-collection/_ide/bitstream/system_top.bit --elf /home/neutrino/Desktop/temp/ad4134_fmcz/data-collection/Debug/data-collection.elf,ps7_cortexa9_1 --elf /home/neutrino/Desktop/temp/ad4134_fmcz/data-transfer/Debug/data-transfer.elf,ps7_cortexa9_0
creating BOOT.BIN using /home/neutrino/Desktop/temp/ad4134_fmcz/data-collection/_ide/bitstream/system_top.bit
Running /tools/Xilinx/Vitis/2023.1/bin/bootgen  -image /home/neutrino/Desktop/temp/ad4134_fmcz/data-collection_system/Debug/sd_card_temp/boot.bif -w -o i BOOT.BIN
